{"asctime": "2026-05-25 23:46:00,793", "name": "app.main", "levelname": "INFO", "message": "Application starting up \u2026", "version": "1.0.0", "service": "iris-prediction-api", "level": "INFO"}
{"asctime": "2026-05-25 23:46:00,793", "name": "app.model", "levelname": "INFO", "message": "Loading model from disk", "path": "C:\\Users\\prate\\Desktop\\youva\\ai_deployment_monitoring\\model\\iris_model.joblib", "service": "iris-prediction-api", "level": "INFO"}
{"asctime": "2026-05-25 23:46:02,473", "name": "app.model", "levelname": "INFO", "message": "Model loaded successfully", "load_time_ms": 1680.07, "model_type": "RandomForestClassifier", "service": "iris-prediction-api", "level": "INFO"}
{"asctime": "2026-05-25 23:46:02,479", "name": "app.main", "levelname": "INFO", "message": "Incoming request", "request_id": "13d510c9-09cb-41a0-b472-7b97883d52eb", "method": "GET", "path": "/health", "client": "testclient", "service": "iris-prediction-api", "level": "INFO"}
{"asctime": "2026-05-25 23:46:02,481", "name": "app.main", "levelname": "INFO", "message": "Request completed", "request_id": "13d510c9-09cb-41a0-b472-7b97883d52eb", "status_code": 200, "latency_ms": 2.017, "service": "iris-prediction-api", "level": "INFO"}
{"asctime": "2026-05-25 23:46:02,484", "name": "app.main", "levelname": "INFO", "message": "Incoming request", "request_id": "f9861e68-74aa-4ecb-851a-b9cdb3685ea0", "method": "GET", "path": "/health", "client": "testclient", "service": "iris-prediction-api", "level": "INFO"}
{"asctime": "2026-05-25 23:46:02,485", "name": "app.main", "levelname": "INFO", "message": "Request completed", "request_id": "f9861e68-74aa-4ecb-851a-b9cdb3685ea0", "status_code": 200, "latency_ms": 0.47, "service": "iris-prediction-api", "level": "INFO"}
{"asctime": "2026-05-25 23:46:02,487", "name": "app.main", "levelname": "INFO", "message": "Incoming request", "request_id": "3e7aa84a-cc73-4b07-b9b5-68931aa99b97", "method": "GET", "path": "/model/info", "client": "testclient", "service": "iris-prediction-api", "level": "INFO"}
{"asctime": "2026-05-25 23:46:02,487", "name": "app.main", "levelname": "INFO", "message": "Request completed", "request_id": "3e7aa84a-cc73-4b07-b9b5-68931aa99b97", "status_code": 200, "latency_ms": 0.626, "service": "iris-prediction-api", "level": "INFO"}
{"asctime": "2026-05-25 23:46:02,490", "name": "app.main", "levelname": "INFO", "message": "Incoming request", "request_id": "1f9941c6-9b18-45a6-8bd1-79c12d11b7d3", "method": "GET", "path": "/model/info", "client": "testclient", "service": "iris-prediction-api", "level": "INFO"}
{"asctime": "2026-05-25 23:46:02,490", "name": "app.main", "levelname": "INFO", "message": "Request completed", "request_id": "1f9941c6-9b18-45a6-8bd1-79c12d11b7d3", "status_code": 200, "latency_ms": 0.403, "service": "iris-prediction-api", "level": "INFO"}
{"asctime": "2026-05-25 23:46:02,492", "name": "app.main", "levelname": "INFO", "message": "Incoming request", "request_id": "5f8cde9a-8ff4-44bd-acae-7a7cfa2e4cf3", "method": "POST", "path": "/predict", "client": "testclient", "service": "iris-prediction-api", "level": "INFO"}
{"asctime": "2026-05-25 23:46:02,493", "name": "app.main", "levelname": "INFO", "message": "Prediction request", "request_id": "5f8cde9a-8ff4-44bd-acae-7a7cfa2e4cf3", "features": [5.1, 3.5, 1.4, 0.2], "service": "iris-prediction-api", "level": "INFO"}
{"asctime": "2026-05-25 23:46:02,554", "name": "app.main", "levelname": "INFO", "message": "Prediction success", "request_id": "5f8cde9a-8ff4-44bd-acae-7a7cfa2e4cf3", "prediction": "setosa", "confidence": 1.0, "latency_ms": 60.849, "service": "iris-prediction-api", "level": "INFO"}
{"asctime": "2026-05-25 23:46:02,554", "name": "app.main", "levelname": "INFO", "message": "Request completed", "request_id": "5f8cde9a-8ff4-44bd-acae-7a7cfa2e4cf3", "status_code": 200, "latency_ms": 62.383, "service": "iris-prediction-api", "level": "INFO"}
{"asctime": "2026-05-25 23:46:02,557", "name": "app.main", "levelname": "INFO", "message": "Incoming request", "request_id": "544e84d3-ac68-4f2c-a5f8-39ed29e58409", "method": "POST", "path": "/predict", "client": "testclient", "service": "iris-prediction-api", "level": "INFO"}
{"asctime": "2026-05-25 23:46:02,558", "name": "app.main", "levelname": "INFO", "message": "Prediction request", "request_id": "544e84d3-ac68-4f2c-a5f8-39ed29e58409", "features": [5.1, 3.5, 1.4, 0.2], "service": "iris-prediction-api", "level": "INFO"}
{"asctime": "2026-05-25 23:46:02,595", "name": "app.main", "levelname": "INFO", "message": "Prediction success", "request_id": "544e84d3-ac68-4f2c-a5f8-39ed29e58409", "prediction": "setosa", "confidence": 1.0, "latency_ms": 37.216, "service": "iris-prediction-api", "level": "INFO"}
{"asctime": "2026-05-25 23:46:02,595", "name": "app.main", "levelname": "INFO", "message": "Request completed", "request_id": "544e84d3-ac68-4f2c-a5f8-39ed29e58409", "status_code": 200, "latency_ms": 38.453, "service": "iris-prediction-api", "level": "INFO"}
{"asctime": "2026-05-25 23:46:02,598", "name": "app.main", "levelname": "INFO", "message": "Incoming request", "request_id": "478f0a2b-8305-4857-b847-90a1cbb512d0", "method": "POST", "path": "/predict", "client": "testclient", "service": "iris-prediction-api", "level": "INFO"}
{"asctime": "2026-05-25 23:46:02,599", "name": "app.main", "levelname": "INFO", "message": "Prediction request", "request_id": "478f0a2b-8305-4857-b847-90a1cbb512d0", "features": [6.7, 3.0, 5.2, 2.3], "service": "iris-prediction-api", "level": "INFO"}
{"asctime": "2026-05-25 23:46:02,647", "name": "app.main", "levelname": "INFO", "message": "Prediction success", "request_id": "478f0a2b-8305-4857-b847-90a1cbb512d0", "prediction": "virginica", "confidence": 1.0, "latency_ms": 48.239, "service": "iris-prediction-api", "level": "INFO"}
{"asctime": "2026-05-25 23:46:02,647", "name": "app.main", "levelname": "INFO", "message": "Request completed", "request_id": "478f0a2b-8305-4857-b847-90a1cbb512d0", "status_code": 200, "latency_ms": 49.571, "service": "iris-prediction-api", "level": "INFO"}
{"asctime": "2026-05-25 23:46:02,650", "name": "app.main", "levelname": "INFO", "message": "Incoming request", "request_id": "2f972091-af06-43b0-bd3a-83d9da9db4b9", "method": "POST", "path": "/predict", "client": "testclient", "service": "iris-prediction-api", "level": "INFO"}
{"asctime": "2026-05-25 23:46:02,650", "name": "app.main", "levelname": "INFO", "message": "Request completed", "request_id": "2f972091-af06-43b0-bd3a-83d9da9db4b9", "status_code": 422, "latency_ms": 0.804, "service": "iris-prediction-api", "level": "INFO"}
{"asctime": "2026-05-25 23:46:02,653", "name": "app.main", "levelname": "INFO", "message": "Incoming request", "request_id": "656baafa-fbc6-46e4-b024-180b00e80c6f", "method": "POST", "path": "/predict", "client": "testclient", "service": "iris-prediction-api", "level": "INFO"}
{"asctime": "2026-05-25 23:46:02,654", "name": "app.main", "levelname": "INFO", "message": "Request completed", "request_id": "656baafa-fbc6-46e4-b024-180b00e80c6f", "status_code": 422, "latency_ms": 0.98, "service": "iris-prediction-api", "level": "INFO"}
{"asctime": "2026-05-25 23:46:02,656", "name": "app.main", "levelname": "INFO", "message": "Incoming request", "request_id": "d4e7f174-420c-44ae-aaf2-54d0d3f010ea", "method": "POST", "path": "/predict/batch", "client": "testclient", "service": "iris-prediction-api", "level": "INFO"}
{"asctime": "2026-05-25 23:46:02,657", "name": "app.main", "levelname": "INFO", "message": "Batch prediction request", "request_id": "d4e7f174-420c-44ae-aaf2-54d0d3f010ea", "batch_size": 2, "service": "iris-prediction-api", "level": "INFO"}
{"asctime": "2026-05-25 23:46:02,764", "name": "app.main", "levelname": "INFO", "message": "Batch prediction success", "request_id": "d4e7f174-420c-44ae-aaf2-54d0d3f010ea", "batch_size": 2, "latency_ms": 107.12, "service": "iris-prediction-api", "level": "INFO"}
{"asctime": "2026-05-25 23:46:02,765", "name": "app.main", "levelname": "INFO", "message": "Request completed", "request_id": "d4e7f174-420c-44ae-aaf2-54d0d3f010ea", "status_code": 200, "latency_ms": 108.563, "service": "iris-prediction-api", "level": "INFO"}
{"asctime": "2026-05-25 23:46:02,768", "name": "app.main", "levelname": "INFO", "message": "Incoming request", "request_id": "1cc31fe6-f95e-470b-ab60-db56ec32763d", "method": "POST", "path": "/predict/batch", "client": "testclient", "service": "iris-prediction-api", "level": "INFO"}
{"asctime": "2026-05-25 23:46:02,769", "name": "app.main", "levelname": "INFO", "message": "Batch prediction request", "request_id": "1cc31fe6-f95e-470b-ab60-db56ec32763d", "batch_size": 2, "service": "iris-prediction-api", "level": "INFO"}
{"asctime": "2026-05-25 23:46:02,888", "name": "app.main", "levelname": "INFO", "message": "Batch prediction success", "request_id": "1cc31fe6-f95e-470b-ab60-db56ec32763d", "batch_size": 2, "latency_ms": 119.05, "service": "iris-prediction-api", "level": "INFO"}
{"asctime": "2026-05-25 23:46:02,889", "name": "app.main", "levelname": "INFO", "message": "Request completed", "request_id": "1cc31fe6-f95e-470b-ab60-db56ec32763d", "status_code": 200, "latency_ms": 120.72, "service": "iris-prediction-api", "level": "INFO"}
{"asctime": "2026-05-25 23:46:02,892", "name": "app.main", "levelname": "INFO", "message": "Incoming request", "request_id": "b89dc96c-3edf-4b09-a57e-1dfe94da32e9", "method": "POST", "path": "/predict/batch", "client": "testclient", "service": "iris-prediction-api", "level": "INFO"}
{"asctime": "2026-05-25 23:46:02,893", "name": "app.main", "levelname": "INFO", "message": "Request completed", "request_id": "b89dc96c-3edf-4b09-a57e-1dfe94da32e9", "status_code": 422, "latency_ms": 0.92, "service": "iris-prediction-api", "level": "INFO"}
{"asctime": "2026-05-25 23:46:02,896", "name": "app.main", "levelname": "INFO", "message": "Incoming request", "request_id": "2a06736d-9a61-40e6-99a7-b0fd1e662ed6", "method": "GET", "path": "/metrics", "client": "testclient", "service": "iris-prediction-api", "level": "INFO"}
{"asctime": "2026-05-25 23:46:02,897", "name": "app.main", "levelname": "INFO", "message": "Request completed", "request_id": "2a06736d-9a61-40e6-99a7-b0fd1e662ed6", "status_code": 200, "latency_ms": 1.112, "service": "iris-prediction-api", "level": "INFO"}
{"asctime": "2026-05-25 23:46:02,899", "name": "app.main", "levelname": "INFO", "message": "Incoming request", "request_id": "232950d7-74c7-41e2-a88d-86f6cdc78dbd", "method": "GET", "path": "/metrics", "client": "testclient", "service": "iris-prediction-api", "level": "INFO"}
{"asctime": "2026-05-25 23:46:02,900", "name": "app.main", "levelname": "INFO", "message": "Request completed", "request_id": "232950d7-74c7-41e2-a88d-86f6cdc78dbd", "status_code": 200, "latency_ms": 0.778, "service": "iris-prediction-api", "level": "INFO"}
{"asctime": "2026-05-25 23:46:02,902", "name": "app.main", "levelname": "INFO", "message": "Incoming request", "request_id": "1de461f4-8aeb-442b-b4fd-2103e9138d3a", "method": "GET", "path": "/metrics", "client": "testclient", "service": "iris-prediction-api", "level": "INFO"}
{"asctime": "2026-05-25 23:46:02,903", "name": "app.main", "levelname": "INFO", "message": "Request completed", "request_id": "1de461f4-8aeb-442b-b4fd-2103e9138d3a", "status_code": 200, "latency_ms": 0.842, "service": "iris-prediction-api", "level": "INFO"}
{"asctime": "2026-05-25 23:46:02,904", "name": "app.main", "levelname": "INFO", "message": "Incoming request", "request_id": "e3abdd33-00c8-4cf9-9747-eedc005933c4", "method": "POST", "path": "/predict", "client": "testclient", "service": "iris-prediction-api", "level": "INFO"}
{"asctime": "2026-05-25 23:46:02,905", "name": "app.main", "levelname": "INFO", "message": "Prediction request", "request_id": "e3abdd33-00c8-4cf9-9747-eedc005933c4", "features": [5.1, 3.5, 1.4, 0.2], "service": "iris-prediction-api", "level": "INFO"}
{"asctime": "2026-05-25 23:46:02,965", "name": "app.main", "levelname": "INFO", "message": "Prediction success", "request_id": "e3abdd33-00c8-4cf9-9747-eedc005933c4", "prediction": "setosa", "confidence": 1.0, "latency_ms": 59.901, "service": "iris-prediction-api", "level": "INFO"}
{"asctime": "2026-05-25 23:46:02,965", "name": "app.main", "levelname": "INFO", "message": "Request completed", "request_id": "e3abdd33-00c8-4cf9-9747-eedc005933c4", "status_code": 200, "latency_ms": 61.185, "service": "iris-prediction-api", "level": "INFO"}
{"asctime": "2026-05-25 23:46:02,967", "name": "app.main", "levelname": "INFO", "message": "Incoming request", "request_id": "f38a87ac-b3e6-4efb-90c2-7d6328bedf43", "method": "GET", "path": "/metrics", "client": "testclient", "service": "iris-prediction-api", "level": "INFO"}
{"asctime": "2026-05-25 23:46:02,967", "name": "app.main", "levelname": "INFO", "message": "Request completed", "request_id": "f38a87ac-b3e6-4efb-90c2-7d6328bedf43", "status_code": 200, "latency_ms": 0.607, "service": "iris-prediction-api", "level": "INFO"}
{"asctime": "2026-05-25 23:46:02,968", "name": "app.main", "levelname": "INFO", "message": "Application shutting down.", "service": "iris-prediction-api", "level": "INFO"}
{"asctime": "2026-05-25 23:47:25,254", "name": "app.main", "levelname": "INFO", "message": "Application starting up \u2026", "version": "1.0.0", "service": "iris-prediction-api", "level": "INFO"}
{"asctime": "2026-05-25 23:47:25,254", "name": "app.model", "levelname": "INFO", "message": "Loading model from disk", "path": "C:\\Users\\prate\\Desktop\\youva\\ai_deployment_monitoring\\model\\iris_model.joblib", "service": "iris-prediction-api", "level": "INFO"}
{"asctime": "2026-05-25 23:47:26,702", "name": "app.model", "levelname": "INFO", "message": "Model loaded successfully", "load_time_ms": 1447.72, "model_type": "RandomForestClassifier", "service": "iris-prediction-api", "level": "INFO"}
{"asctime": "2026-05-25 23:47:26,706", "name": "app.main", "levelname": "INFO", "message": "Incoming request", "request_id": "c8df2619-6b87-434a-ac39-2bd38bcad7ad", "method": "GET", "path": "/health", "client": "testclient", "service": "iris-prediction-api", "level": "INFO"}
{"asctime": "2026-05-25 23:47:26,707", "name": "app.main", "levelname": "INFO", "message": "Request completed", "request_id": "c8df2619-6b87-434a-ac39-2bd38bcad7ad", "status_code": 200, "latency_ms": 1.241, "service": "iris-prediction-api", "level": "INFO"}
{"asctime": "2026-05-25 23:47:26,710", "name": "app.main", "levelname": "INFO", "message": "Incoming request", "request_id": "0b35cf69-e752-464c-a395-bb38bfb5020f", "method": "GET", "path": "/health", "client": "testclient", "service": "iris-prediction-api", "level": "INFO"}
{"asctime": "2026-05-25 23:47:26,711", "name": "app.main", "levelname": "INFO", "message": "Request completed", "request_id": "0b35cf69-e752-464c-a395-bb38bfb5020f", "status_code": 200, "latency_ms": 0.564, "service": "iris-prediction-api", "level": "INFO"}
{"asctime": "2026-05-25 23:47:26,713", "name": "app.main", "levelname": "INFO", "message": "Incoming request", "request_id": "3c2557a1-2076-4ffe-8ef8-3c682d9aa4e6", "method": "GET", "path": "/model/info", "client": "testclient", "service": "iris-prediction-api", "level": "INFO"}
{"asctime": "2026-05-25 23:47:26,714", "name": "app.main", "levelname": "INFO", "message": "Request completed", "request_id": "3c2557a1-2076-4ffe-8ef8-3c682d9aa4e6", "status_code": 200, "latency_ms": 0.883, "service": "iris-prediction-api", "level": "INFO"}
{"asctime": "2026-05-25 23:47:26,716", "name": "app.main", "levelname": "INFO", "message": "Incoming request", "request_id": "a3a004d1-029e-4187-9c6c-5c5fe5599caf", "method": "GET", "path": "/model/info", "client": "testclient", "service": "iris-prediction-api", "level": "INFO"}
{"asctime": "2026-05-25 23:47:26,717", "name": "app.main", "levelname": "INFO", "message": "Request completed", "request_id": "a3a004d1-029e-4187-9c6c-5c5fe5599caf", "status_code": 200, "latency_ms": 0.537, "service": "iris-prediction-api", "level": "INFO"}
{"asctime": "2026-05-25 23:47:26,719", "name": "app.main", "levelname": "INFO", "message": "Incoming request", "request_id": "cb118852-ab54-4f31-aca3-67105579e26c", "method": "POST", "path": "/predict", "client": "testclient", "service": "iris-prediction-api", "level": "INFO"}
{"asctime": "2026-05-25 23:47:26,720", "name": "app.main", "levelname": "INFO", "message": "Prediction request", "request_id": "cb118852-ab54-4f31-aca3-67105579e26c", "features": [5.1, 3.5, 1.4, 0.2], "service": "iris-prediction-api", "level": "INFO"}
{"asctime": "2026-05-25 23:47:26,782", "name": "app.main", "levelname": "INFO", "message": "Prediction success", "request_id": "cb118852-ab54-4f31-aca3-67105579e26c", "prediction": "setosa", "confidence": 1.0, "latency_ms": 61.94, "service": "iris-prediction-api", "level": "INFO"}
{"asctime": "2026-05-25 23:47:26,783", "name": "app.main", "levelname": "INFO", "message": "Request completed", "request_id": "cb118852-ab54-4f31-aca3-67105579e26c", "status_code": 200, "latency_ms": 63.59, "service": "iris-prediction-api", "level": "INFO"}
{"asctime": "2026-05-25 23:47:26,785", "name": "app.main", "levelname": "INFO", "message": "Incoming request", "request_id": "87776fc3-2981-4ae5-8fe7-a5b82bfbc9a8", "method": "POST", "path": "/predict", "client": "testclient", "service": "iris-prediction-api", "level": "INFO"}
{"asctime": "2026-05-25 23:47:26,786", "name": "app.main", "levelname": "INFO", "message": "Prediction request", "request_id": "87776fc3-2981-4ae5-8fe7-a5b82bfbc9a8", "features": [5.1, 3.5, 1.4, 0.2], "service": "iris-prediction-api", "level": "INFO"}
{"asctime": "2026-05-25 23:47:26,846", "name": "app.main", "levelname": "INFO", "message": "Prediction success", "request_id": "87776fc3-2981-4ae5-8fe7-a5b82bfbc9a8", "prediction": "setosa", "confidence": 1.0, "latency_ms": 60.257, "service": "iris-prediction-api", "level": "INFO"}
{"asctime": "2026-05-25 23:47:26,846", "name": "app.main", "levelname": "INFO", "message": "Request completed", "request_id": "87776fc3-2981-4ae5-8fe7-a5b82bfbc9a8", "status_code": 200, "latency_ms": 61.368, "service": "iris-prediction-api", "level": "INFO"}
{"asctime": "2026-05-25 23:47:26,849", "name": "app.main", "levelname": "INFO", "message": "Incoming request", "request_id": "368a8c96-93f5-4559-ad30-62c4eaafcb87", "method": "POST", "path": "/predict", "client": "testclient", "service": "iris-prediction-api", "level": "INFO"}
{"asctime": "2026-05-25 23:47:26,850", "name": "app.main", "levelname": "INFO", "message": "Prediction request", "request_id": "368a8c96-93f5-4559-ad30-62c4eaafcb87", "features": [6.7, 3.0, 5.2, 2.3], "service": "iris-prediction-api", "level": "INFO"}
{"asctime": "2026-05-25 23:47:26,898", "name": "app.main", "levelname": "INFO", "message": "Prediction success", "request_id": "368a8c96-93f5-4559-ad30-62c4eaafcb87", "prediction": "virginica", "confidence": 1.0, "latency_ms": 48.538, "service": "iris-prediction-api", "level": "INFO"}
{"asctime": "2026-05-25 23:47:26,899", "name": "app.main", "levelname": "INFO", "message": "Request completed", "request_id": "368a8c96-93f5-4559-ad30-62c4eaafcb87", "status_code": 200, "latency_ms": 49.637, "service": "iris-prediction-api", "level": "INFO"}
{"asctime": "2026-05-25 23:47:26,901", "name": "app.main", "levelname": "INFO", "message": "Incoming request", "request_id": "d668925a-b1cf-4a1d-8f7d-97b0b9489c1a", "method": "POST", "path": "/predict", "client": "testclient", "service": "iris-prediction-api", "level": "INFO"}
{"asctime": "2026-05-25 23:47:26,902", "name": "app.main", "levelname": "INFO", "message": "Request completed", "request_id": "d668925a-b1cf-4a1d-8f7d-97b0b9489c1a", "status_code": 422, "latency_ms": 0.968, "service": "iris-prediction-api", "level": "INFO"}
{"asctime": "2026-05-25 23:47:26,905", "name": "app.main", "levelname": "INFO", "message": "Incoming request", "request_id": "0ac7a4d2-746d-40f3-905f-9b29f8ffd892", "method": "POST", "path": "/predict", "client": "testclient", "service": "iris-prediction-api", "level": "INFO"}
{"asctime": "2026-05-25 23:47:26,905", "name": "app.main", "levelname": "INFO", "message": "Request completed", "request_id": "0ac7a4d2-746d-40f3-905f-9b29f8ffd892", "status_code": 422, "latency_ms": 0.798, "service": "iris-prediction-api", "level": "INFO"}
{"asctime": "2026-05-25 23:47:26,908", "name": "app.main", "levelname": "INFO", "message": "Incoming request", "request_id": "138a370b-3a34-4049-98e7-784a59867223", "method": "POST", "path": "/predict/batch", "client": "testclient", "service": "iris-prediction-api", "level": "INFO"}
{"asctime": "2026-05-25 23:47:26,909", "name": "app.main", "levelname": "INFO", "message": "Batch prediction request", "request_id": "138a370b-3a34-4049-98e7-784a59867223", "batch_size": 2, "service": "iris-prediction-api", "level": "INFO"}
{"asctime": "2026-05-25 23:47:27,015", "name": "app.main", "levelname": "INFO", "message": "Batch prediction success", "request_id": "138a370b-3a34-4049-98e7-784a59867223", "batch_size": 2, "latency_ms": 105.769, "service": "iris-prediction-api", "level": "INFO"}
{"asctime": "2026-05-25 23:47:27,015", "name": "app.main", "levelname": "INFO", "message": "Request completed", "request_id": "138a370b-3a34-4049-98e7-784a59867223", "status_code": 200, "latency_ms": 107.758, "service": "iris-prediction-api", "level": "INFO"}
{"asctime": "2026-05-25 23:47:27,018", "name": "app.main", "levelname": "INFO", "message": "Incoming request", "request_id": "b6d433e3-a91e-4be5-94cb-e1296fcd47ca", "method": "POST", "path": "/predict/batch", "client": "testclient", "service": "iris-prediction-api", "level": "INFO"}
{"asctime": "2026-05-25 23:47:27,019", "name": "app.main", "levelname": "INFO", "message": "Batch prediction request", "request_id": "b6d433e3-a91e-4be5-94cb-e1296fcd47ca", "batch_size": 2, "service": "iris-prediction-api", "level": "INFO"}
{"asctime": "2026-05-25 23:47:27,092", "name": "app.main", "levelname": "INFO", "message": "Batch prediction success", "request_id": "b6d433e3-a91e-4be5-94cb-e1296fcd47ca", "batch_size": 2, "latency_ms": 72.945, "service": "iris-prediction-api", "level": "INFO"}
{"asctime": "2026-05-25 23:47:27,092", "name": "app.main", "levelname": "INFO", "message": "Request completed", "request_id": "b6d433e3-a91e-4be5-94cb-e1296fcd47ca", "status_code": 200, "latency_ms": 74.289, "service": "iris-prediction-api", "level": "INFO"}
{"asctime": "2026-05-25 23:47:27,095", "name": "app.main", "levelname": "INFO", "message": "Incoming request", "request_id": "46025379-7a91-4793-b726-00714a47f17b", "method": "POST", "path": "/predict/batch", "client": "testclient", "service": "iris-prediction-api", "level": "INFO"}
{"asctime": "2026-05-25 23:47:27,096", "name": "app.main", "levelname": "INFO", "message": "Request completed", "request_id": "46025379-7a91-4793-b726-00714a47f17b", "status_code": 422, "latency_ms": 1.109, "service": "iris-prediction-api", "level": "INFO"}
{"asctime": "2026-05-25 23:47:27,097", "name": "app.main", "levelname": "INFO", "message": "Incoming request", "request_id": "32d45787-6e28-44c0-84d8-51b04fbbf9d1", "method": "GET", "path": "/metrics", "client": "testclient", "service": "iris-prediction-api", "level": "INFO"}
{"asctime": "2026-05-25 23:47:27,098", "name": "app.main", "levelname": "INFO", "message": "Request completed", "request_id": "32d45787-6e28-44c0-84d8-51b04fbbf9d1", "status_code": 200, "latency_ms": 0.848, "service": "iris-prediction-api", "level": "INFO"}
{"asctime": "2026-05-25 23:47:27,101", "name": "app.main", "levelname": "INFO", "message": "Incoming request", "request_id": "58301331-9cff-4e3f-802c-2f124f3f80a8", "method": "GET", "path": "/metrics", "client": "testclient", "service": "iris-prediction-api", "level": "INFO"}
{"asctime": "2026-05-25 23:47:27,101", "name": "app.main", "levelname": "INFO", "message": "Request completed", "request_id": "58301331-9cff-4e3f-802c-2f124f3f80a8", "status_code": 200, "latency_ms": 0.649, "service": "iris-prediction-api", "level": "INFO"}
{"asctime": "2026-05-25 23:47:27,103", "name": "app.main", "levelname": "INFO", "message": "Incoming request", "request_id": "178b2a41-d5f0-48e9-ab8d-f94572efd1ac", "method": "GET", "path": "/metrics", "client": "testclient", "service": "iris-prediction-api", "level": "INFO"}
{"asctime": "2026-05-25 23:47:27,104", "name": "app.main", "levelname": "INFO", "message": "Request completed", "request_id": "178b2a41-d5f0-48e9-ab8d-f94572efd1ac", "status_code": 200, "latency_ms": 0.586, "service": "iris-prediction-api", "level": "INFO"}
{"asctime": "2026-05-25 23:47:27,105", "name": "app.main", "levelname": "INFO", "message": "Incoming request", "request_id": "15029249-9ca7-4ac6-ad42-36820d7f379f", "method": "POST", "path": "/predict", "client": "testclient", "service": "iris-prediction-api", "level": "INFO"}
{"asctime": "2026-05-25 23:47:27,105", "name": "app.main", "levelname": "INFO", "message": "Prediction request", "request_id": "15029249-9ca7-4ac6-ad42-36820d7f379f", "features": [5.1, 3.5, 1.4, 0.2], "service": "iris-prediction-api", "level": "INFO"}
{"asctime": "2026-05-25 23:47:27,154", "name": "app.main", "levelname": "INFO", "message": "Prediction success", "request_id": "15029249-9ca7-4ac6-ad42-36820d7f379f", "prediction": "setosa", "confidence": 1.0, "latency_ms": 48.259, "service": "iris-prediction-api", "level": "INFO"}
{"asctime": "2026-05-25 23:47:27,154", "name": "app.main", "levelname": "INFO", "message": "Request completed", "request_id": "15029249-9ca7-4ac6-ad42-36820d7f379f", "status_code": 200, "latency_ms": 49.422, "service": "iris-prediction-api", "level": "INFO"}
{"asctime": "2026-05-25 23:47:27,155", "name": "app.main", "levelname": "INFO", "message": "Incoming request", "request_id": "33440ec3-1abf-458b-8906-9866abf63b35", "method": "GET", "path": "/metrics", "client": "testclient", "service": "iris-prediction-api", "level": "INFO"}
{"asctime": "2026-05-25 23:47:27,156", "name": "app.main", "levelname": "INFO", "message": "Request completed", "request_id": "33440ec3-1abf-458b-8906-9866abf63b35", "status_code": 200, "latency_ms": 0.63, "service": "iris-prediction-api", "level": "INFO"}
{"asctime": "2026-05-25 23:47:27,157", "name": "app.main", "levelname": "INFO", "message": "Application shutting down.", "service": "iris-prediction-api", "level": "INFO"}
{"asctime": "2026-08-22 11:19:47,282", "name": "app.main", "levelname": "INFO", "message": "Application starting up \u2026", "version": "1.0.0", "service": "iris-prediction-api", "level": "INFO"}
{"asctime": "2026-08-22 11:19:47,282", "name": "app.model", "levelname": "INFO", "message": "Loading model from disk", "path": "C:\\Users\\prate\\Desktop\\youva\\ai_deployment_monitoring\\model\\iris_model.joblib", "service": "iris-prediction-api", "level": "INFO"}
{"asctime": "2026-08-22 11:19:51,399", "name": "app.model", "levelname": "INFO", "message": "Model loaded successfully", "load_time_ms": 4116.53, "model_type": "RandomForestClassifier", "service": "iris-prediction-api", "level": "INFO"}
{"asctime": "2026-08-22 11:20:13,654", "name": "app.main", "levelname": "INFO", "message": "Incoming request", "request_id": "ac93466c-affd-4f0c-afd8-ce8f34f379e2", "method": "GET", "path": "/health", "client": "127.0.0.1", "service": "iris-prediction-api", "level": "INFO"}
{"asctime": "2026-08-22 11:20:13,659", "name": "app.main", "levelname": "INFO", "message": "Request completed", "request_id": "ac93466c-affd-4f0c-afd8-ce8f34f379e2", "status_code": 200, "latency_ms": 4.942, "service": "iris-prediction-api", "level": "INFO"}
{"asctime": "2026-08-22 11:20:15,673", "name": "app.main", "levelname": "INFO", "message": "Incoming request", "request_id": "2d0ea065-2000-4255-bc46-57482d12a81c", "method": "GET", "path": "/model/info", "client": "127.0.0.1", "service": "iris-prediction-api", "level": "INFO"}
{"asctime": "2026-08-22 11:20:15,674", "name": "app.main", "levelname": "INFO", "message": "Request completed", "request_id": "2d0ea065-2000-4255-bc46-57482d12a81c", "status_code": 200, "latency_ms": 1.378, "service": "iris-prediction-api", "level": "INFO"}
{"asctime": "2026-08-22 11:20:17,706", "name": "app.main", "levelname": "INFO", "message": "Incoming request", "request_id": "2a651c40-6f5f-4bf3-879a-53b603d89365", "method": "POST", "path": "/predict", "client": "127.0.0.1", "service": "iris-prediction-api", "level": "INFO"}
{"asctime": "2026-08-22 11:20:17,708", "name": "app.main", "levelname": "INFO", "message": "Prediction request", "request_id": "2a651c40-6f5f-4bf3-879a-53b603d89365", "features": [5.1, 3.5, 1.4, 0.2], "service": "iris-prediction-api", "level": "INFO"}
{"asctime": "2026-08-22 11:20:17,784", "name": "app.main", "levelname": "INFO", "message": "Prediction success", "request_id": "2a651c40-6f5f-4bf3-879a-53b603d89365", "prediction": "setosa", "confidence": 1.0, "latency_ms": 76.292, "service": "iris-prediction-api", "level": "INFO"}
{"asctime": "2026-08-22 11:20:17,795", "name": "app.main", "levelname": "INFO", "message": "Request completed", "request_id": "2a651c40-6f5f-4bf3-879a-53b603d89365", "status_code": 200, "latency_ms": 89.293, "service": "iris-prediction-api", "level": "INFO"}
{"asctime": "2026-08-22 11:20:19,813", "name": "app.main", "levelname": "INFO", "message": "Incoming request", "request_id": "cc56da18-27ff-4542-9bba-2104b6c8ac7d", "method": "POST", "path": "/predict", "client": "127.0.0.1", "service": "iris-prediction-api", "level": "INFO"}
{"asctime": "2026-08-22 11:20:19,814", "name": "app.main", "levelname": "INFO", "message": "Prediction request", "request_id": "cc56da18-27ff-4542-9bba-2104b6c8ac7d", "features": [6.7, 3.0, 5.2, 2.3], "service": "iris-prediction-api", "level": "INFO"}
{"asctime": "2026-08-22 11:20:19,886", "name": "app.main", "levelname": "INFO", "message": "Prediction success", "request_id": "cc56da18-27ff-4542-9bba-2104b6c8ac7d", "prediction": "virginica", "confidence": 1.0, "latency_ms": 71.335, "service": "iris-prediction-api", "level": "INFO"}
{"asctime": "2026-08-22 11:20:19,886", "name": "app.main", "levelname": "INFO", "message": "Request completed", "request_id": "cc56da18-27ff-4542-9bba-2104b6c8ac7d", "status_code": 200, "latency_ms": 73.084, "service": "iris-prediction-api", "level": "INFO"}
{"asctime": "2026-08-22 11:20:21,906", "name": "app.main", "levelname": "INFO", "message": "Incoming request", "request_id": "905875ae-8074-4382-b1a3-bda071d55740", "method": "POST", "path": "/predict/batch", "client": "127.0.0.1", "service": "iris-prediction-api", "level": "INFO"}
{"asctime": "2026-08-22 11:20:21,908", "name": "app.main", "levelname": "INFO", "message": "Batch prediction request", "request_id": "905875ae-8074-4382-b1a3-bda071d55740", "batch_size": 3, "service": "iris-prediction-api", "level": "INFO"}
{"asctime": "2026-08-22 11:20:22,109", "name": "app.main", "levelname": "INFO", "message": "Batch prediction success", "request_id": "905875ae-8074-4382-b1a3-bda071d55740", "batch_size": 3, "latency_ms": 201.045, "service": "iris-prediction-api", "level": "INFO"}
{"asctime": "2026-08-22 11:20:22,110", "name": "app.main", "levelname": "INFO", "message": "Request completed", "request_id": "905875ae-8074-4382-b1a3-bda071d55740", "status_code": 200, "latency_ms": 203.755, "service": "iris-prediction-api", "level": "INFO"}
{"asctime": "2026-08-22 11:20:24,139", "name": "app.main", "levelname": "INFO", "message": "Incoming request", "request_id": "ab9810cb-de49-48d5-a9e3-ad77ff34b898", "method": "GET", "path": "/metrics", "client": "127.0.0.1", "service": "iris-prediction-api", "level": "INFO"}
{"asctime": "2026-08-22 11:20:24,144", "name": "app.main", "levelname": "INFO", "message": "Request completed", "request_id": "ab9810cb-de49-48d5-a9e3-ad77ff34b898", "status_code": 200, "latency_ms": 5.68, "service": "iris-prediction-api", "level": "INFO"}
{"asctime": "2026-08-22 11:20:40,949", "name": "app.main", "levelname": "INFO", "message": "Incoming request", "request_id": "a29bb566-abfb-4228-b84d-fa05aa32e753", "method": "GET", "path": "/", "client": "127.0.0.1", "service": "iris-prediction-api", "level": "INFO"}
{"asctime": "2026-08-22 11:20:40,950", "name": "app.main", "levelname": "INFO", "message": "Request completed", "request_id": "a29bb566-abfb-4228-b84d-fa05aa32e753", "status_code": 404, "latency_ms": 0.948, "service": "iris-prediction-api", "level": "INFO"}
{"asctime": "2026-08-22 11:20:41,144", "name": "app.main", "levelname": "INFO", "message": "Incoming request", "request_id": "978878d1-fb6b-4eb5-8c66-fe46d0734cd8", "method": "GET", "path": "/favicon.ico", "client": "127.0.0.1", "service": "iris-prediction-api", "level": "INFO"}
{"asctime": "2026-08-22 11:20:41,145", "name": "app.main", "levelname": "INFO", "message": "Request completed", "request_id": "978878d1-fb6b-4eb5-8c66-fe46d0734cd8", "status_code": 404, "latency_ms": 1.027, "service": "iris-prediction-api", "level": "INFO"}
{"asctime": "2026-08-22 11:20:48,197", "name": "app.main", "levelname": "INFO", "message": "Incoming request", "request_id": "a8563ca8-4b49-4b13-a4e1-21a5d65f882e", "method": "GET", "path": "/docs", "client": "127.0.0.1", "service": "iris-prediction-api", "level": "INFO"}
{"asctime": "2026-08-22 11:20:48,198", "name": "app.main", "levelname": "INFO", "message": "Request completed", "request_id": "a8563ca8-4b49-4b13-a4e1-21a5d65f882e", "status_code": 200, "latency_ms": 1.095, "service": "iris-prediction-api", "level": "INFO"}
{"asctime": "2026-08-22 11:20:50,731", "name": "app.main", "levelname": "INFO", "message": "Incoming request", "request_id": "8e29767b-c17c-403e-baa3-74c702c5f802", "method": "GET", "path": "/openapi.json", "client": "127.0.0.1", "service": "iris-prediction-api", "level": "INFO"}
{"asctime": "2026-08-22 11:20:50,790", "name": "app.main", "levelname": "INFO", "message": "Request completed", "request_id": "8e29767b-c17c-403e-baa3-74c702c5f802", "status_code": 200, "latency_ms": 59.616, "service": "iris-prediction-api", "level": "INFO"}
